1474369613197539533430877451289390842303285955043413/120521619670308508723915266361279686866467565144600
1165848523609209300988464648299590384074862227023813/120521619670308508723915266361279686866467565144600
1689661528252684869064465162695576618543868175702119/120521619670308508723915266361279686866467565144600
1320109068403374417209671049794490613189074091033613/154260544794165116221206401494900229114211864009800
0
1
0
0
1
1
