4318627886035/1737477620697
-308498060681/1737477620697
18689108395546/12162343344879
2005064912677/2313562973358
0
1
1
1
0
0
