341891/157430
-107649/157430
12863/12110
117121/224770
0
1
1
1
0
0
