745456029550/385847181743
6574658722/385847181743
360026904528/385847181743
188007672068/184720342707
0
1
0
0
1
1
