986604370826669617/316946121706157310
-303202595292003283/316946121706157310
139054607451497053/63389224341231462
341700887767333167/644903483059336450
0
1
1
1
0
0
