44466283183248592635201249196645327866906159516502975627523469696073750117312023907946629203/32582438907229234455677556461849782152046456233745393012650854370161047155505133984563131449
-4159930343845521456377589918574703885658261792471148828842682843522041877876036060433011079/32582438907229234455677556461849782152046456233745393012650854370161047155505133984563131449
15038356438323181019305540740655386295785258400197338669131597511735279513876528465504091358/32582438907229234455677556461849782152046456233745393012650854370161047155505133984563131449
20153176419701535589411829639035311990623948862015913399340393426275854119717993923756809062/24313106763547057045789419557610015876282210654487062228183076269797895997594029984189820141
0
1
1
1
0
0
