3792586914234744810000270496785898498819631509038790239912478236128568519963402643063552326475973760854897/1973188403650424357193967763849732390182115440944718492414463706415817258030661592015200679250344756258352
508347702082795211746687312415619715798602912885157070410327820942601059332059834100739593305293453226607/1973188403650424357193967763849732390182115440944718492414463706415817258030661592015200679250344756258352
1789654004868437675360746608999330540658260252147696551088929938706637679493229980081548403883283471200645/1973188403650424357193967763849732390182115440944718492414463706415817258030661592015200679250344756258352
2150467308158770010873478904600759107309117210961973655161403028535584789647731238582145959890633607040752/1642119606075974799126791592185139391510514298076816584751075207592983730315671404481406366585340153814145
0
1
0
0
1
1
