231757625262711880458876994759795439471781138721620286761631357599683096795174591635463907584835595191945335/26364554478103291385378785935282848261016083683632816959807035374835851857272829833141837622505098075371944
4951829424796563170193845116275322373327938545226585081366445358217948753903164453284871511617220926345193/26364554478103291385378785935282848261016083683632816959807035374835851857272829833141837622505098075371944
254541928147071242958709264012768604819125811785752450375710937980566635102733386336637907829280453780738913/13182277239051645692689392967641424130508041841816408479903517687417925928636414916570918811252549037685972
118354727343754221814535419938035380922554538633423435921498901478950522774538878044374389548226408059145264/113402897918957658644341574821760058549226600088196850840132456120732574020635713591089518036609187132800071
0
1
0
0
1
1
