794632854523485045439013323474403733349444247695431994900886980872310111409556/342270864660227766021664178372156860882381803516935096035019658648686100573947
-221371245645800613359713019769089177345192214608463307703620056104187487246176/342270864660227766021664178372156860882381803516935096035019658648686100573947
425420482157861304549896758287652830899832360649889855976633598246975753571820/342270864660227766021664178372156860882381803516935096035019658648686100573947
47771800739807036006608358642109546333687669423914057266438910397343552013615/84667008347440471566560528603624409224553038525324608550375586414708133221311
0
1
1
1
0
0
