180372438972829464980260216537472/247448048794606546038408727405975
-92695946807507567617765051194022/247448048794606546038408727405975
24188590598202220944278009092737/247448048794606546038408727405975
43838246082660948681247582671725/136534192890168516299012633865747
0
1
1
1
0
0
