521107905726042926884182913300191886149175687586222556253800468371441227/26659164135761815864997241280483574559113267886498188402810365212208838
381868303078076090036090725741925997812993966098983633704999508654042697/26659164135761815864997241280483574559113267886498188402810365212208838
1179050924798060879299716372345051395013246719538828870529852866676299735/26659164135761815864997241280483574559113267886498188402810365212208838
451488104402059508460136819521058941981084826842603094979399988512741962/69619801323983418424046093779132944168090860743619461274400479858699265
0
1
0
0
1
1
