1921445393613339163276454523954599358750434827185422738505451/557009833229181314651639831078413885788440819113736451765323
-1249685903586293043867556140295439105338637637416732075763905/557009833229181314651639831078413885788440819113736451765323
956104100831531180659791758154851742641934809541306272838378/557009833229181314651639831078413885788440819113736451765323
335879745013523059704449191829580126705898594884345331370773/1585565648599816103572005332125019232044536232301077407134678
0
1
1
1
0
0
