1217002177356590482630519/380144123318912064106188
608498321187175790209159/380144123318912064106188
174474498326365887287667345/90791088119333497977361234
912750249271883136419839/304251928084707346210680
0
1
0
0
1
1
