54493750607964591222776683/10149560847180598101188504
-28327991003564994431257957/10149560847180598101188504
53379003625239841088391165/10149560847180598101188504
13082879802199798395759363/41410870805764792827017320
0
1
1
1
0
0
