-1/10Xa+2/5Xb
3/10Xa+4/5Xb
2/5Xa+2/5Xb
-2/5Xa+3/5Xb
Xa
Xb
