-Xa+2Xb
5/2Xa-3Xb
-3/2Xa+3Xb
-1/2Xa+Xb
-Xa+2Xb
Xa
Xb
