(4Xa+4Xb)HXeO4(e-)+(-4Xa+8Xb)OH(e-)=(3Xb)XeO6(4e-)+(4Xa+Xb)Xe+(6Xa)O2+(6Xb)H2O