Co(NO3)2+2(NH4)2CO3+4H2O=(NH4)2CO3.CoCO3.4H2O+2NH4NO3