26H2O+(NH4)2MoO4+23Na2MoO4+2(NH4)2HPO4=2((NH4)3(PO4.12MoO3).2H2O)+46NaOH