(-4Xa-4Xb+4Xc)NH4ClO4+(12Xa+4Xb-4Xc)HNO3+(8Xa+11Xb-4Xc)HCl=(4Xa-Xb)HClO4+(4Xa)N2O+(4Xb)Cl2+(4Xc)H2O