NH4H2PO4+12(NH4)2MoO4+22HNO3=22NH4NO3+(NH4)3(PO4.12MoO3).2H2O+10H2O