(-Xa+2Xb)Co(NO3)2+(-4Xa+11Xb)KNO2+(2Xb)CH3COOH=(2Xb)CH3COOK+(-Xa+2Xb)K3(Co(NO2)6)+(-Xa+3Xb)KNO3+(Xa)NO+(Xb)H2O