(-Xa+4Xb)NH4(e+)+(3Xa+8Xb)NO2(e-)+(4Xa+4Xb)H(e+)=(-4Xa+6Xb)N2O+(10Xa)NO+(10Xb)H2O