(4Xa)Co(NO3)2+(6Xa-4Xb)NH4NO3+(16Xa+8Xb)NH3+(-3Xa+8Xb)O2=(4Xa)Co(NH3)6(NO3)3+(4Xb)H2O