K2Cr2O7+6Fe3O4+31H2SO4=K2SO4+9Fe2(SO4)3+Cr2(SO4)3+31H2O