(3Xb)XeF4+(6Xb)H2O=(-8Xa+2Xb)XeO3+(8Xa+Xb)Xe+(12Xa)O2+(12Xb)HF