HNO2 0 0
H2SO4 0 0
Hg 0 0
Hg2SO4 1 0
NO 1 0
H2O 1 0
