HNO3 0 0
HOC6H4SO3H 0 0
HOC6H2(NO2)2SO3H 1 0
H2O 1 0
