HOC6H2(NO2)2SO3H 0 0
NH4OH 0 0
HOC6H2(NO2)2SO3NH4 1 0
H2O 1 0
