HNO2 0 0
C6H4NH2SO3H.HC2H3O2 0 0
C6H4N2SO3H.C2H3O2 1 0
H2O 1 0
