Co(NO3)2 0 0
C4O6H6 0 0
NH3.H2O 0 0
NH4C4O6H5 1 0
Co(OH)2 1 0
NH4NO3 1 0
H2O 1 0
