((NH4)3(PO4.12MoO3).2H2O) 0 0
NaOH 0 0
(NH4)2MoO4 1 0
Na2MoO4 1 0
(NH4)2HPO4 1 0
H2O 1 0
