(N2H4)2.H2SO4 0 0
KNO2 0 0
N2 1 0
K2SO4 1 0
KOH 1 0
H2O 1 0
