Co(NO3)2 0 0
H4(Fe(CN)6) 0 0
H2O 0 0
Co2(Fe(CN)6).7H2O 1 0
HNO3 1 0
