CH3COONH4 0 0
H2O 0 0
CH3COOH 1 0
NH3 1 0
H2O 1 0
