Co(NO3)2 0 0
NaNO3 0 0
HC2H3O2 0 0
Na3Co(NO3)6 1 0
NaC2H3O2 1 0
NO2 1 0
H2O 1 0
