Cu 0 0
HNO3 0 0
Cu(NO3)2 1 0
NO2 1 0
NO 1 0
H2O 1 0
