KHC2O4.H2C2O4 0 0
KMnO4 0 0
H2SO4 0 0
MnSO4 1 0
K2SO4 1 0
CO2 1 0
H2O 1 0
