N2O3 0 0
KMnO4 0 0
H2SO4 0 0
K2SO4 1 0
MnSO4 1 0
HNO3 1 0
H2O 1 0
