PO4(3e-) 0 0
MoO4(2e-) 0 0
NH4(e+) 0 0
H(e+) 0 0
(NH4)3(P(Mo12O40)).6H2O 1 0
H2O 1 0
