CoSO4 0 0
(NH4)3AsO4 0 0
H2O 0 0
Co3(AsO4)2.8H2O 1 0
(NH4)2SO4 1 0
