Co(NO3)2 0 0
(NH4)2CO2 0 0
NH3 0 0
O2 0 0
NH4NO3 1 0
Co(NH3)4CO3NO3 1 0
H2O 1 0
