KClO3 0 0
HCl 0 0
KCl 1 0
H2O 1 0
Cl2 1 0
ClO2 1 0
