NaCl 0 0
MnO2 0 0
H2SO4 0 0
NaHSO4 1 0
MnCl2 1 0
H2O 1 0
Cl2 1 0
