A 0 0
B 0 0
C 0 0
D 0 0
E 0 0
F 0 0
G 0 0
H 0 0
I 0 0
J 0 0
K 0 0
L 0 0
M 0 0
N 0 0
O 0 0
P 0 0
Q 0 0
R 0 0
S 0 0
T 0 0
U 0 0
V 0 0
W 0 0
X 0 0
Y 0 0
Z 0 0
Ba 0 0
Bb 0 0
Bc 0 0
Bd 0 0
Be 0 0
Bf 0 0
Bg 0 0
Bh 0 0
Bi 0 0
Bj 0 0
Bk 0 0
Bl 0 0
Bm 0 0
Bn 0 0
Bo 0 0
Bp 0 0
Bq 0 0
Br 0 0
Bs 0 0
Bt 0 0
Bu 0 0
Bv 0 0
Bw 0 0
Bx 0 0
By 0 0
Bz 0 0
Ca 0 0
Cb 0 0
Cc 0 0
Cd 0 0
Ce 0 0
Cf 0 0
Cg 0 0
Ch 0 0
Ci 0 0
Cj 0 0
Ck 0 0
Cl 0 0
Cm 0 0
Cn 0 0
Co 0 0
Cp 0 0
Cq 0 0
Cr 0 0
Cs 0 0
Ct 0 0
Cu 0 0
Cv 0 0
Cw 0 0
Cx 0 0
Cy 0 0
Cz 0 0
Da 0 0
Db 0 0
Dc 0 0
Dd 0 0
De 0 0
Df 0 0
Dg 0 0
Dh 0 0
Di 0 0
Dj 0 0
Dk 0 0
Dl 0 0
Dm 0 0
Dn 0 0
Do 0 0
Dp 0 0
Dq 0 0
Dr 0 0
Ds 0 0
Dt 0 0
Du 0 0
Dv 0 0
Dw 0 0
Dx 0 0
Dy 0 0
Dz 0 0
Ea 0 0
Eb 0 0
Ec 0 0
Ed 0 0
Ee 0 0
Ef 0 0
Eg 0 0
Eh 0 0
Ei 0 0
Ej 0 0
Ek 0 0
El 0 0
Em 0 0
En 0 0
Eo 0 0
Ep 0 0
Eq 0 0
Er 0 0
Es 0 0
Et 0 0
Eu 0 0
Ev 0 0
Ew 0 0
Ex 0 0
Ey 0 0
Ez 0 0
Fa 0 0
Fb 0 0
Fc 0 0
Fd 0 0
Fe 0 0
Ff 0 0
Fg 0 0
Fh 0 0
Fi 0 0
Fj 0 0
Fk 0 0
Fl 0 0
Fm 0 0
Fn 0 0
Fo 0 0
Fp 0 0
Fq 0 0
Fr 0 0
Fs 0 0
Ft 0 0
Fu 0 0
Fv 0 0
Fw 0 0
Fx 0 0
Fy 0 0
Fz 0 0
Ga 0 0
Gb 0 0
Gc 0 0
Gd 0 0
Ge 0 0
Gf 0 0
Gg 0 0
Gh 0 0
Gi 0 0
Gj 0 0
Gk 0 0
Gl 0 0
Gm 0 0
Gn 0 0
Go 0 0
Gp 0 0
Gq 0 0
Gr 0 0
Gs 0 0
Gt 0 0
Gu 0 0
Gv 0 0
Gw 0 0
Gx 0 0
Gy 0 0
Gz 0 0
Ha 0 0
Hb 0 0
Hc 0 0
Hd 0 0
He 0 0
Hf 0 0
Hg 0 0
Hh 0 0
Hi 0 0
Hj 0 0
Hk 0 0
Hl 0 0
Hm 0 0
Hn 0 0
Ho 0 0
Hp 0 0
Hq 0 0
Hr 0 0
Hs 0 0
Ht 0 0
Hu 0 0
Hv 0 0
Hw 0 0
Hx 0 0
Hy 0 0
Hz 0 0
Ia 0 0
Ib 0 0
Ic 0 0
Id 0 0
Ie 0 0
If 0 0
Ig 0 0
Ih 0 0
Ii 0 0
Ij 0 0
Ik 0 0
Il 0 0
Im 0 0
In 0 0
Io 0 0
Ip 0 0
Iq 0 0
Ir 0 0
Is 0 0
It 0 0
Iu 0 0
Iv 0 0
Iw 0 0
Ix 0 0
Iy 0 0
Iz 0 0
Ja 0 0
Jb 0 0
Jc 0 0
Jd 0 0
Je 0 0
Jf 0 0
Jg 0 0
Jh 0 0
Ji 0 0
Jj 0 0
Jk 0 0
Jl 0 0
Jm 0 0
Jn 0 0
Jo 0 0
Jp 0 0
Jq 0 0
Jr 0 0
Js 0 0
Jt 0 0
Ju 0 0
Jv 0 0
Jw 0 0
Jx 0 0
Jy 0 0
Jz 0 0
Ka 0 0
Kb 0 0
Kc 0 0
Kd 0 0
Ke 0 0
Kf 0 0
Kg 0 0
Kh 0 0
Ki 0 0
Kj 0 0
Kk 0 0
Kl 0 0
Km 0 0
Kn 0 0
Ko 0 0
Kp 0 0
Kq 0 0
Kr 0 0
Ks 0 0
Kt 0 0
Ku 0 0
Kv 0 0
Kw 0 0
Kx 0 0
Ky 0 0
Kz 0 0
La 0 0
Lb 0 0
Lc 0 0
Ld 0 0
Le 0 0
Lf 0 0
Lg 0 0
Lh 0 0
Li 0 0
Lj 0 0
Lk 0 0
Ll 0 0
Lm 0 0
Ln 0 0
Lo 0 0
Lp 0 0
Lq 0 0
Lr 0 0
Ls 0 0
Lt 0 0
Lu 0 0
Lv 0 0
Lw 0 0
Lx 0 0
Ly 0 0
Lz 0 0
Ma 0 0
Mb 0 0
Mc 0 0
Md 0 0
Me 0 0
Mf 0 0
Mg 0 0
Mh 0 0
Mi 0 0
Mj 0 0
Mk 0 0
Ml 0 0
Mm 0 0
Mn 0 0
Mo 0 0
Mp 0 0
Mq 0 0
Mr 0 0
Ms 0 0
Mt 0 0
Mu 0 0
Mv 0 0
Mw 0 0
Mx 0 0
My 0 0
Mz 0 0
Na 0 0
Nb 0 0
Nc 0 0
Nd 0 0
Ne 0 0
Nf 0 0
Ng 0 0
Nh 0 0
Ni 0 0
Nj 0 0
Nk 0 0
Nl 0 0
Nm 0 0
Nn 0 0
No 0 0
Np 0 0
Nq 0 0
Nr 0 0
Ns 0 0
Nt 0 0
Nu 0 0
Nv 0 0
Nw 0 0
Nx 0 0
Ny 0 0
Nz 0 0
Oa 0 0
Ob 0 0
Oc 0 0
Od 0 0
Oe 0 0
Of 0 0
Og 0 0
Oh 0 0
Oi 0 0
Oj 0 0
Ok 0 0
Ol 0 0
Om 0 0
On 0 0
Oo 0 0
Op 0 0
Oq 0 0
Or 0 0
Os 0 0
Ot 0 0
Ou 0 0
Ov 0 0
Ow 0 0
Ox 0 0
Oy 0 0
Oz 0 0
Pa 0 0
Pb 0 0
Pc 0 0
Pd 0 0
Pe 0 0
Pf 0 0
Pg 0 0
Ph 0 0
Pi 0 0
Pj 0 0
Pk 0 0
Pl 0 0
Pm 0 0
Pn 0 0
Po 0 0
Pp 0 0
Pq 0 0
Pr 0 0
Ps 0 0
Pt 0 0
Pu 0 0
Pv 0 0
Pw 0 0
Px 0 0
Py 0 0
Pz 0 0
Qa 0 0
Qb 0 0
Qc 0 0
Qd 0 0
Qe 0 0
Qf 0 0
Qg 0 0
Qh 0 0
Qi 0 0
Qj 0 0
Qk 0 0
Ql 0 0
Qm 0 0
Qn 0 0
Qo 0 0
Qp 0 0
Qq 0 0
Qr 0 0
Qs 0 0
Qt 0 0
Qu 0 0
Qv 0 0
Qw 0 0
Qx 0 0
Qy 0 0
Qz 0 0
Ra 0 0
Rb 0 0
Rc 0 0
Rd 0 0
Re 0 0
Rf 0 0
Rg 0 0
Rh 0 0
Ri 0 0
Rj 0 0
Rk 0 0
Rl 0 0
Rm 0 0
Rn 0 0
Ro 0 0
Rp 0 0
Rq 0 0
Rr 0 0
Rs 0 0
Rt 0 0
Ru 0 0
Rv 0 0
Rw 0 0
Rx 0 0
Ry 0 0
Rz 0 0
Sa 0 0
Sb 0 0
Sc 0 0
Sd 0 0
Se 0 0
Sf 0 0
Sg 0 0
Sh 0 0
Si 0 0
Sj 0 0
Sk 0 0
Sl 0 0
Sm 0 0
Sn 0 0
So 0 0
Sp 0 0
Sq 0 0
Sr 0 0
Ss 0 0
St 0 0
Su 0 0
Sv 0 0
Sw 0 0
Sx 0 0
Sy 0 0
Sz 0 0
Ta 0 0
Tb 0 0
Tc 0 0
Td 0 0
Te 0 0
Tf 0 0
Tg 0 0
Th 0 0
Ti 0 0
Tj 0 0
Tk 0 0
Tl 0 0
Tm 0 0
Tn 0 0
To 0 0
Tp 0 0
Tq 0 0
Tr 0 0
Ts 0 0
Tt 0 0
Tu 0 0
Tv 0 0
Tw 0 0
Tx 0 0
Ty 0 0
Tz 0 0
Ua 0 0
Ub 0 0
Uc 0 0
Ud 0 0
Ue 0 0
Uf 0 0
Ug 0 0
Uh 0 0
Ui 0 0
Uj 0 0
Uk 0 0
Ul 0 0
Um 0 0
Un 0 0
Uo 0 0
Up 0 0
Uq 0 0
Ur 0 0
Us 0 0
Ut 0 0
Uu 0 0
Uv 0 0
Uw 0 0
Ux 0 0
Uy 0 0
Uz 0 0
Va 0 0
Vb 0 0
Vc 0 0
Vd 0 0
Ve 0 0
Vf 0 0
Vg 0 0
Vh 0 0
Vi 0 0
Vj 0 0
Vk 0 0
Vl 0 0
Vm 0 0
Vn 0 0
Vo 0 0
Vp 0 0
Vq 0 0
Vr 0 0
Vs 0 0
Vt 0 0
Vu 0 0
Vv 0 0
Vw 0 0
Vx 0 0
Vy 0 0
Vz 0 0
Wa 0 0
Wb 0 0
Wc 0 0
Wd 0 0
We 0 0
Wf 0 0
Wg 0 0
Wh 0 0
Wi 0 0
Wj 0 0
Wk 0 0
Wl 0 0
Wm 0 0
Wn 0 0
Wo 0 0
Wp 0 0
Wq 0 0
Wr 0 0
Ws 0 0
Wt 0 0
Wu 0 0
Wv 0 0
Ww 0 0
Wx 0 0
Wy 0 0
Wz 0 0
Xa 0 0
Xb 0 0
Xc 0 0
Xd 0 0
Xe 0 0
Xf 0 0
Xg 0 0
Xh 0 0
Xi 0 0
Xj 0 0
Xk 0 0
Xl 0 0
Xm 0 0
Xn 0 0
Xo 0 0
Xp 0 0
Xq 0 0
Xr 0 0
Xs 0 0
Xt 0 0
Xu 0 0
Xv 0 0
Xw 0 0
Xx 0 0
Xy 0 0
Xz 0 0
Ya 0 0
Yb 0 0
Yc 0 0
Yd 0 0
Ye 0 0
Yf 0 0
Yg 0 0
Yh 0 0
Yi 0 0
Yj 0 0
Yk 0 0
Yl 0 0
Ym 0 0
Yn 0 0
Yo 0 0
Yp 0 0
Yq 0 0
Yr 0 0
Ys 0 0
Yt 0 0
Yu 0 0
Yv 0 0
Yw 0 0
Yx 0 0
Yy 0 0
Yz 0 0
Za 0 0
Zb 0 0
Zc 0 0
Zd 0 0
Ze 0 0
Zf 0 0
Zg 0 0
Zh 0 0
Zi 0 0
Zj 0 0
Zk 0 0
Zl 0 0
Zm 0 0
Zn 0 0
Zo 0 0
Zp 0 0
Zq 0 0
Zr 0 0
Zs 0 0
Zt 0 0
Zu 0 0
Zv 0 0
Zw 0 0
Zx 0 0
Zy 0 0
Zz 0 0
Baa 0 0
Bab 0 0
Bac 0 0
Bad 0 0
Bae 0 0
Baf 0 0
Bag 0 0
Bah 0 0
Bai 0 0
Baj 0 0
Bak 0 0
Bal 0 0
Bam 0 0
Ban 0 0
Bao 0 0
Bap 0 0
Baq 0 0
Bar 0 0
Bas 0 0
Bat 0 0
Bau 0 0
Bav 0 0
Baw 0 0
Bax 0 0
Bay 0 0
Baz 0 0
Bba 0 0
Bbb 0 0
Bbc 0 0
Bbd 0 0
Bbe 0 0
Bbf 0 0
Bbg 0 0
Bbh 0 0
Bbi 0 0
Bbj 0 0
Bbk 0 0
Bbl 0 0
Bbm 0 0
Bbn 0 0
Bbo 0 0
Bbp 0 0
Bbq 0 0
Bbr 0 0
Bbs 0 0
Bbt 0 0
Bbu 0 0
Bbv 0 0
Bbw 0 0
Bbx 0 0
Bby 0 0
Bbz 0 0
Bca 0 0
Bcb 0 0
Bcc 0 0
Bcd 0 0
Bce 0 0
Bcf 0 0
Bcg 0 0
Bch 0 0
Bci 0 0
Bcj 0 0
Bck 0 0
Bcl 0 0
Bcm 0 0
Bcn 0 0
Bco 0 0
Bcp 0 0
Bcq 0 0
Bcr 0 0
Bcs 0 0
Bct 0 0
Bcu 0 0
Bcv 0 0
Bcw 0 0
Bcx 0 0
Bcy 0 0
Bcz 0 0
Bda 0 0
Bdb 0 0
Bdc 0 0
Bdd 0 0
Bde 0 0
Bdf 0 0
Bdg 0 0
Bdh 0 0
Bdi 0 0
Bdj 0 0
Bdk 0 0
Bdl 0 0
Bdm 0 0
Bdn 0 0
Bdo 0 0
Bdp 0 0
Bdq 0 0
Bdr 0 0
Bds 0 0
Bdt 0 0
Bdu 0 0
Bdv 0 0
Bdw 0 0
Bdx 0 0
Bdy 0 0
Bdz 0 0
Bea 0 0
Beb 0 0
Bec 0 0
Bed 0 0
Bee 0 0
Bef 0 0
Beg 0 0
Beh 0 0
Bei 0 0
Bej 0 0
Bek 0 0
Bel 0 0
Bem 0 0
Ben 0 0
Beo 0 0
Bep 0 0
Beq 0 0
Ber 0 0
Bes 0 0
Bet 0 0
Beu 0 0
Bev 0 0
Bew 0 0
Bex 0 0
Bey 0 0
Bez 0 0
Bfa 0 0
Bfb 0 0
Bfc 0 0
Bfd 0 0
Bfe 0 0
Bff 0 0
Bfg 0 0
Bfh 0 0
Bfi 0 0
Bfj 0 0
Bfk 0 0
Bfl 0 0
Bfm 0 0
Bfn 0 0
Bfo 0 0
Bfp 0 0
Bfq 0 0
Bfr 0 0
Bfs 0 0
Bft 0 0
Bfu 0 0
Bfv 0 0
Bfw 0 0
Bfx 0 0
Bfy 0 0
Bfz 0 0
Bga 0 0
Bgb 0 0
Bgc 0 0
Bgd 0 0
Bge 0 0
Bgf 0 0
Bgg 0 0
Bgh 0 0
Bgi 0 0
Bgj 0 0
Bgk 0 0
Bgl 0 0
Bgm 0 0
Bgn 0 0
Bgo 0 0
Bgp 0 0
Bgq 0 0
Bgr 0 0
Bgs 0 0
Bgt 0 0
Bgu 0 0
Bgv 0 0
Bgw 0 0
Bgx 0 0
Bgy 0 0
Bgz 0 0
Bha 0 0
Bhb 0 0
Bhc 0 0
Bhd 0 0
Bhe 0 0
Bhf 0 0
Bhg 0 0
Bhh 0 0
Bhi 0 0
Bhj 0 0
Bhk 0 0
Bhl 0 0
Bhm 0 0
Bhn 0 0
Bho 0 0
Bhp 0 0
Bhq 0 0
Bhr 0 0
Bhs 0 0
Bht 0 0
Bhu 0 0
Bhv 0 0
Bhw 0 0
Bhx 0 0
Bhy 0 0
Bhz 0 0
Bia 0 0
Bib 0 0
Bic 0 0
Bid 0 0
Bie 0 0
Bif 0 0
Big 0 0
Bih 0 0
Bii 0 0
Bij 0 0
Bik 0 0
Bil 0 0
Bim 0 0
Bin 0 0
Bio 0 0
Bip 0 0
Biq 0 0
Bir 0 0
Bis 0 0
Bit 0 0
Biu 0 0
Biv 0 0
Biw 0 0
Bix 0 0
Biy 0 0
Biz 0 0
Bja 0 0
Bjb 0 0
Bjc 0 0
Bjd 0 0
Bje 0 0
Bjf 0 0
Bjg 0 0
Bjh 0 0
Bji 0 0
Bjj 0 0
Bjk 0 0
Bjl 0 0
Bjm 0 0
Bjn 0 0
Bjo 0 0
Bjp 0 0
Bjq 0 0
Bjr 0 0
Bjs 0 0
Bjt 0 0
Bju 0 0
Bjv 0 0
Bjw 0 0
Bjx 0 0
Bjy 0 0
Bjz 0 0
Bka 0 0
Bkb 0 0
Bkc 0 0
Bkd 0 0
Bke 0 0
Bkf 0 0
Bkg 0 0
Bkh 0 0
Bki 0 0
Bkj 0 0
Bkk 0 0
Bkl 0 0
Bkm 0 0
Bkn 0 0
Bko 0 0
Bkp 0 0
Bkq 0 0
Bkr 0 0
Bks 0 0
Bkt 0 0
Bku 0 0
Bkv 0 0
Bkw 0 0
Bkx 0 0
Bky 0 0
Bkz 0 0
Bla 0 0
Blb 0 0
Blc 0 0
Bld 0 0
Ble 0 0
Blf 0 0
Blg 0 0
Blh 0 0
Bli 0 0
Blj 0 0
Blk 0 0
Bll 0 0
Blm 0 0
Bln 0 0
Blo 0 0
Blp 0 0
Blq 0 0
Blr 0 0
Bls 0 0
Blt 0 0
Blu 0 0
Blv 0 0
Blw 0 0
Blx 0 0
Bly 0 0
Blz 0 0
Bma 0 0
Bmb 0 0
Bmc 0 0
Bmd 0 0
Bme 0 0
Bmf 0 0
Bmg 0 0
Bmh 0 0
Bmi 0 0
Bmj 0 0
Bmk 0 0
Bml 0 0
AB 1 0
CD 1 0
EF 1 0
GH 1 0
IJ 1 0
KL 1 0
MN 1 0
OP 1 0
QR 1 0
ST 1 0
UV 1 0
WX 1 0
YZ 1 0
BaBb 1 0
BcBd 1 0
BeBf 1 0
BgBh 1 0
BiBj 1 0
BkBl 1 0
BmBn 1 0
BoBp 1 0
BqBr 1 0
BsBt 1 0
BuBv 1 0
BwBx 1 0
ByBz 1 0
CaCb 1 0
CcCd 1 0
CeCf 1 0
CgCh 1 0
CiCj 1 0
CkCl 1 0
CmCn 1 0
CoCp 1 0
CqCr 1 0
CsCt 1 0
CuCv 1 0
CwCx 1 0
CyCz 1 0
DaDb 1 0
DcDd 1 0
DeDf 1 0
DgDh 1 0
DiDj 1 0
DkDl 1 0
DmDn 1 0
DoDp 1 0
DqDr 1 0
DsDt 1 0
DuDv 1 0
DwDx 1 0
DyDz 1 0
EaEb 1 0
EcEd 1 0
EeEf 1 0
EgEh 1 0
EiEj 1 0
EkEl 1 0
EmEn 1 0
EoEp 1 0
EqEr 1 0
EsEt 1 0
EuEv 1 0
EwEx 1 0
EyEz 1 0
FaFb 1 0
FcFd 1 0
FeFf 1 0
FgFh 1 0
FiFj 1 0
FkFl 1 0
FmFn 1 0
FoFp 1 0
FqFr 1 0
FsFt 1 0
FuFv 1 0
FwFx 1 0
FyFz 1 0
GaGb 1 0
GcGd 1 0
GeGf 1 0
GgGh 1 0
GiGj 1 0
GkGl 1 0
GmGn 1 0
GoGp 1 0
GqGr 1 0
GsGt 1 0
GuGv 1 0
GwGx 1 0
GyGz 1 0
HaHb 1 0
HcHd 1 0
HeHf 1 0
HgHh 1 0
HiHj 1 0
HkHl 1 0
HmHn 1 0
HoHp 1 0
HqHr 1 0
HsHt 1 0
HuHv 1 0
HwHx 1 0
HyHz 1 0
IaIb 1 0
IcId 1 0
IeIf 1 0
IgIh 1 0
IiIj 1 0
IkIl 1 0
ImIn 1 0
IoIp 1 0
IqIr 1 0
IsIt 1 0
IuIv 1 0
IwIx 1 0
IyIz 1 0
JaJb 1 0
JcJd 1 0
JeJf 1 0
JgJh 1 0
JiJj 1 0
JkJl 1 0
JmJn 1 0
JoJp 1 0
JqJr 1 0
JsJt 1 0
JuJv 1 0
JwJx 1 0
JyJz 1 0
KaKb 1 0
KcKd 1 0
KeKf 1 0
KgKh 1 0
KiKj 1 0
KkKl 1 0
KmKn 1 0
KoKp 1 0
KqKr 1 0
KsKt 1 0
KuKv 1 0
KwKx 1 0
KyKz 1 0
LaLb 1 0
LcLd 1 0
LeLf 1 0
LgLh 1 0
LiLj 1 0
LkLl 1 0
LmLn 1 0
LoLp 1 0
LqLr 1 0
LsLt 1 0
LuLv 1 0
LwLx 1 0
LyLz 1 0
MaMb 1 0
McMd 1 0
MeMf 1 0
MgMh 1 0
MiMj 1 0
MkMl 1 0
MmMn 1 0
MoMp 1 0
MqMr 1 0
MsMt 1 0
MuMv 1 0
MwMx 1 0
MyMz 1 0
NaNb 1 0
NcNd 1 0
NeNf 1 0
NgNh 1 0
NiNj 1 0
NkNl 1 0
NmNn 1 0
NoNp 1 0
NqNr 1 0
NsNt 1 0
NuNv 1 0
NwNx 1 0
NyNz 1 0
OaOb 1 0
OcOd 1 0
OeOf 1 0
OgOh 1 0
OiOj 1 0
OkOl 1 0
OmOn 1 0
OoOp 1 0
OqOr 1 0
OsOt 1 0
OuOv 1 0
OwOx 1 0
OyOz 1 0
PaPb 1 0
PcPd 1 0
PePf 1 0
PgPh 1 0
PiPj 1 0
PkPl 1 0
PmPn 1 0
PoPp 1 0
PqPr 1 0
PsPt 1 0
PuPv 1 0
PwPx 1 0
PyPz 1 0
QaQb 1 0
QcQd 1 0
QeQf 1 0
QgQh 1 0
QiQj 1 0
QkQl 1 0
QmQn 1 0
QoQp 1 0
QqQr 1 0
QsQt 1 0
QuQv 1 0
QwQx 1 0
QyQz 1 0
RaRb 1 0
RcRd 1 0
ReRf 1 0
RgRh 1 0
RiRj 1 0
RkRl 1 0
RmRn 1 0
RoRp 1 0
RqRr 1 0
RsRt 1 0
RuRv 1 0
RwRx 1 0
RyRz 1 0
SaSb 1 0
ScSd 1 0
SeSf 1 0
SgSh 1 0
SiSj 1 0
SkSl 1 0
SmSn 1 0
SoSp 1 0
SqSr 1 0
SsSt 1 0
SuSv 1 0
SwSx 1 0
SySz 1 0
TaTb 1 0
TcTd 1 0
TeTf 1 0
TgTh 1 0
TiTj 1 0
TkTl 1 0
TmTn 1 0
ToTp 1 0
TqTr 1 0
TsTt 1 0
TuTv 1 0
TwTx 1 0
TyTz 1 0
UaUb 1 0
UcUd 1 0
UeUf 1 0
UgUh 1 0
UiUj 1 0
UkUl 1 0
UmUn 1 0
UoUp 1 0
UqUr 1 0
UsUt 1 0
UuUv 1 0
UwUx 1 0
UyUz 1 0
VaVb 1 0
VcVd 1 0
VeVf 1 0
VgVh 1 0
ViVj 1 0
VkVl 1 0
VmVn 1 0
VoVp 1 0
VqVr 1 0
VsVt 1 0
VuVv 1 0
VwVx 1 0
VyVz 1 0
WaWb 1 0
WcWd 1 0
WeWf 1 0
WgWh 1 0
WiWj 1 0
WkWl 1 0
WmWn 1 0
WoWp 1 0
WqWr 1 0
WsWt 1 0
WuWv 1 0
WwWx 1 0
WyWz 1 0
XaXb 1 0
XcXd 1 0
XeXf 1 0
XgXh 1 0
XiXj 1 0
XkXl 1 0
XmXn 1 0
XoXp 1 0
XqXr 1 0
XsXt 1 0
XuXv 1 0
XwXx 1 0
XyXz 1 0
YaYb 1 0
YcYd 1 0
YeYf 1 0
YgYh 1 0
YiYj 1 0
YkYl 1 0
YmYn 1 0
YoYp 1 0
YqYr 1 0
YsYt 1 0
YuYv 1 0
YwYx 1 0
YyYz 1 0
ZaZb 1 0
ZcZd 1 0
ZeZf 1 0
ZgZh 1 0
ZiZj 1 0
ZkZl 1 0
ZmZn 1 0
ZoZp 1 0
ZqZr 1 0
ZsZt 1 0
ZuZv 1 0
ZwZx 1 0
ZyZz 1 0
BaaBab 1 0
BacBad 1 0
BaeBaf 1 0
BagBah 1 0
BaiBaj 1 0
BakBal 1 0
BamBan 1 0
BaoBap 1 0
BaqBar 1 0
BasBat 1 0
BauBav 1 0
BawBax 1 0
BayBaz 1 0
BbaBbb 1 0
BbcBbd 1 0
BbeBbf 1 0
BbgBbh 1 0
BbiBbj 1 0
BbkBbl 1 0
BbmBbn 1 0
BboBbp 1 0
BbqBbr 1 0
BbsBbt 1 0
BbuBbv 1 0
BbwBbx 1 0
BbyBbz 1 0
BcaBcb 1 0
BccBcd 1 0
BceBcf 1 0
BcgBch 1 0
BciBcj 1 0
BckBcl 1 0
BcmBcn 1 0
BcoBcp 1 0
BcqBcr 1 0
BcsBct 1 0
BcuBcv 1 0
BcwBcx 1 0
BcyBcz 1 0
BdaBdb 1 0
BdcBdd 1 0
BdeBdf 1 0
BdgBdh 1 0
BdiBdj 1 0
BdkBdl 1 0
BdmBdn 1 0
BdoBdp 1 0
BdqBdr 1 0
BdsBdt 1 0
BduBdv 1 0
BdwBdx 1 0
BdyBdz 1 0
BeaBeb 1 0
BecBed 1 0
BeeBef 1 0
BegBeh 1 0
BeiBej 1 0
BekBel 1 0
BemBen 1 0
BeoBep 1 0
BeqBer 1 0
BesBet 1 0
BeuBev 1 0
BewBex 1 0
BeyBez 1 0
BfaBfb 1 0
BfcBfd 1 0
BfeBff 1 0
BfgBfh 1 0
BfiBfj 1 0
BfkBfl 1 0
BfmBfn 1 0
BfoBfp 1 0
BfqBfr 1 0
BfsBft 1 0
BfuBfv 1 0
BfwBfx 1 0
BfyBfz 1 0
BgaBgb 1 0
BgcBgd 1 0
BgeBgf 1 0
BggBgh 1 0
BgiBgj 1 0
BgkBgl 1 0
BgmBgn 1 0
BgoBgp 1 0
BgqBgr 1 0
BgsBgt 1 0
BguBgv 1 0
BgwBgx 1 0
BgyBgz 1 0
BhaBhb 1 0
BhcBhd 1 0
BheBhf 1 0
BhgBhh 1 0
BhiBhj 1 0
BhkBhl 1 0
BhmBhn 1 0
BhoBhp 1 0
BhqBhr 1 0
BhsBht 1 0
BhuBhv 1 0
BhwBhx 1 0
BhyBhz 1 0
BiaBib 1 0
BicBid 1 0
BieBif 1 0
BigBih 1 0
BiiBij 1 0
BikBil 1 0
BimBin 1 0
BioBip 1 0
BiqBir 1 0
BisBit 1 0
BiuBiv 1 0
BiwBix 1 0
BiyBiz 1 0
BjaBjb 1 0
BjcBjd 1 0
BjeBjf 1 0
BjgBjh 1 0
BjiBjj 1 0
BjkBjl 1 0
BjmBjn 1 0
BjoBjp 1 0
BjqBjr 1 0
BjsBjt 1 0
BjuBjv 1 0
BjwBjx 1 0
BjyBjz 1 0
BkaBkb 1 0
BkcBkd 1 0
BkeBkf 1 0
BkgBkh 1 0
BkiBkj 1 0
BkkBkl 1 0
BkmBkn 1 0
BkoBkp 1 0
BkqBkr 1 0
BksBkt 1 0
BkuBkv 1 0
BkwBkx 1 0
BkyBkz 1 0
BlaBlb 1 0
BlcBld 1 0
BleBlf 1 0
BlgBlh 1 0
BliBlj 1 0
BlkBll 1 0
BlmBln 1 0
BloBlp 1 0
BlqBlr 1 0
BlsBlt 1 0
BluBlv 1 0
BlwBlx 1 0
BlyBlz 1 0
BmaBmb 1 0
BmcBmd 1 0
BmeBmf 1 0
BmgBmh 1 0
BmiBmj 1 0
BmkBml 1 0
