XeO3 0 0
H2O 0 0
Mn(2e+) 0 0
Xe 1 0
MnO2 1 0
H(e+) 1 0
