A 0 0
B 0 0
C 0 0
D 0 0
E 0 0
F 0 0
G 0 0
H 0 0
I 0 0
J 0 0
K 0 0
L 0 0
M 0 0
N 0 0
O 0 0
P 0 0
Q 0 0
R 0 0
S 0 0
T 0 0
U 0 0
V 0 0
W 0 0
X 0 0
Y 0 0
Z 0 0
Aa 0 0
Ba 0 0
Ca 0 0
Da 0 0
Ea 0 0
Fa 0 0
Ga 0 0
Ha 0 0
Ia 0 0
Ja 0 0
Ka 0 0
La 0 0
Ma 0 0
Na 0 0
Oa 0 0
Pa 0 0
Qa 0 0
Ra 0 0
Sa 0 0
Ta 0 0
Ua 0 0
Va 0 0
Wa 0 0
Xa 0 0
Ya 0 0
Za 0 0
Ab 0 0
Bb 0 0
Cb 0 0
Db 0 0
Eb 0 0
Fb 0 0
Gb 0 0
Hb 0 0
Ib 0 0
Jb 0 0
Kb 0 0
Lb 0 0
Mb 0 0
Nb 0 0
Ob 0 0
Pb 0 0
Qb 0 0
Rb 0 0
Sb 0 0
Tb 0 0
Ub 0 0
Vb 0 0
Wb 0 0
Xb 0 0
Yb 0 0
Zb 0 0
Ac 0 0
Bc 0 0
Cc 0 0
Dc 0 0
Ec 0 0
Fc 0 0
Gc 0 0
Hc 0 0
Ic 0 0
Jc 0 0
Kc 0 0
Lc 0 0
Mc 0 0
Nc 0 0
Oc 0 0
Pc 0 0
Qc 0 0
Rc 0 0
Sc 0 0
Tc 0 0
Uc 0 0
Vc 0 0
Wc 0 0
Xc 0 0
Yc 0 0
Zc 0 0
Ad 0 0
Bd 0 0
Cd 0 0
Dd 0 0
Ed 0 0
Fd 0 0
Gd 0 0
Hd 0 0
Id 0 0
Jd 0 0
Kd 0 0
Ld 0 0
Md 0 0
Nd 0 0
Od 0 0
Pd 0 0
Qd 0 0
Rd 0 0
Sd 0 0
Td 0 0
Ud 0 0
Vd 0 0
Wd 0 0
Xd 0 0
Yd 0 0
Zd 0 0
A 1 0
B 1 0
C 1 0
D 1 0
E 1 0
F 1 0
G 1 0
H 1 0
I 1 0
J 1 0
K 1 0
L 1 0
M 1 0
N 1 0
O 1 0
P 1 0
Q 1 0
R 1 0
S 1 0
T 1 0
U 1 0
V 1 0
W 1 0
X 1 0
Y 1 0
Z 1 0
Aa 1 0
Ba 1 0
Ca 1 0
Da 1 0
Ea 1 0
Fa 1 0
Ga 1 0
Ha 1 0
Ia 1 0
Ja 1 0
Ka 1 0
La 1 0
Ma 1 0
Na 1 0
Oa 1 0
Pa 1 0
Qa 1 0
Ra 1 0
Sa 1 0
Ta 1 0
Ua 1 0
Va 1 0
Wa 1 0
Xa 1 0
Ya 1 0
Za 1 0
Ab 1 0
Bb 1 0
Cb 1 0
Db 1 0
Eb 1 0
Fb 1 0
Gb 1 0
Hb 1 0
Ib 1 0
Jb 1 0
Kb 1 0
Lb 1 0
Mb 1 0
Nb 1 0
Ob 1 0
Pb 1 0
Qb 1 0
Rb 1 0
Sb 1 0
Tb 1 0
Ub 1 0
Vb 1 0
Wb 1 0
Xb 1 0
Yb 1 0
Zb 1 0
Ac 1 0
Bc 1 0
Cc 1 0
Dc 1 0
Ec 1 0
Fc 1 0
Gc 1 0
Hc 1 0
Ic 1 0
Jc 1 0
Kc 1 0
Lc 1 0
Mc 1 0
Nc 1 0
Oc 1 0
Pc 1 0
Qc 1 0
Rc 1 0
Sc 1 0
Tc 1 0
Uc 1 0
Vc 1 0
Wc 1 0
Xc 1 0
Yc 1 0
Zc 1 0
Ad 1 0
Bd 1 0
Cd 1 0
Dd 1 0
Ed 1 0
Fd 1 0
Gd 1 0
Hd 1 0
Id 1 0
Jd 1 0
Kd 1 0
Ld 1 0
Md 1 0
Nd 1 0
Od 1 0
Pd 1 0
Qd 1 0
Rd 1 0
Sd 1 0
Td 1 0
Ud 1 0
Vd 1 0
Wd 1 0
Xd 1 0
Yd 1 0
Zd 1 0
