Co(NO3)2 0 0
KHCO3 0 0
H2O 0 0
KNO3 1 0
CoCO3.Co(OH)2 1 0
HNO3 1 0
