CoSO4 0 0
PbO2 0 0
H2O 0 0
Co2O3 1 0
PbSO4 1 0
H2SO4 1 0
